// Jest Snapshot v1, https://goo.gl/fbAQLP

exports[`<CompanyType /> CompanyType renders correctly 1`] = `
<fieldset
  class="companyTypes-fieldset"
>
  <div>
    <label
      style="display: inline-block;"
    >
      <input
        class="td-checkbox"
        name="companyTypes"
        type="checkbox"
        value="PRODUCER"
      />
      Producteur de déchets
    </label>
  </div>
  <div>
    <label
      style="display: inline-block;"
    >
      <input
        class="td-checkbox"
        name="companyTypes"
        type="checkbox"
        value="COLLECTOR"
      />
      Installation de Transit, regroupement ou tri de déchets
      <span
        class="tooltip__container"
      >
        <span
          class="tooltip__trigger"
          role="button"
        >
          <svg
            class="tooltip__icon"
            fill="currentColor"
            height="1em"
            role="icon"
            stroke="currentColor"
            stroke-width="0"
            viewBox="0 0 384 512"
            width="1em"
            xmlns="http://www.w3.org/2000/svg"
          >
            <path
              d="M202.021 0C122.202 0 70.503 32.703 29.914 91.026c-7.363 10.58-5.093 25.086 5.178 32.874l43.138 32.709c10.373 7.865 25.132 6.026 33.253-4.148 25.049-31.381 43.63-49.449 82.757-49.449 30.764 0 68.816 19.799 68.816 49.631 0 22.552-18.617 34.134-48.993 51.164-35.423 19.86-82.299 44.576-82.299 106.405V320c0 13.255 10.745 24 24 24h72.471c13.255 0 24-10.745 24-24v-5.773c0-42.86 125.268-44.645 125.268-160.627C377.504 66.256 286.902 0 202.021 0zM192 373.459c-38.196 0-69.271 31.075-69.271 69.271 0 38.195 31.075 69.27 69.271 69.27s69.271-31.075 69.271-69.271-31.075-69.27-69.271-69.27z"
            />
          </svg>
        </span>
      </span>
    </label>
  </div>
  <div>
    <label
      style="display: inline-block;"
    >
      <input
        class="td-checkbox"
        name="companyTypes"
        type="checkbox"
        value="WASTE_CENTER"
      />
      Installation de collecte de déchets apportés par le producteur initial
      <span
        class="tooltip__container"
      >
        <span
          class="tooltip__trigger"
          role="button"
        >
          <svg
            class="tooltip__icon"
            fill="currentColor"
            height="1em"
            role="icon"
            stroke="currentColor"
            stroke-width="0"
            viewBox="0 0 384 512"
            width="1em"
            xmlns="http://www.w3.org/2000/svg"
          >
            <path
              d="M202.021 0C122.202 0 70.503 32.703 29.914 91.026c-7.363 10.58-5.093 25.086 5.178 32.874l43.138 32.709c10.373 7.865 25.132 6.026 33.253-4.148 25.049-31.381 43.63-49.449 82.757-49.449 30.764 0 68.816 19.799 68.816 49.631 0 22.552-18.617 34.134-48.993 51.164-35.423 19.86-82.299 44.576-82.299 106.405V320c0 13.255 10.745 24 24 24h72.471c13.255 0 24-10.745 24-24v-5.773c0-42.86 125.268-44.645 125.268-160.627C377.504 66.256 286.902 0 202.021 0zM192 373.459c-38.196 0-69.271 31.075-69.271 69.271 0 38.195 31.075 69.27 69.271 69.27s69.271-31.075 69.271-69.271-31.075-69.27-69.271-69.27z"
            />
          </svg>
        </span>
      </span>
    </label>
  </div>
  <div>
    <label
      style="display: inline-block;"
    >
      <input
        class="td-checkbox"
        name="companyTypes"
        type="checkbox"
        value="WASTE_VEHICLES"
      />
      Installation d'entreposage, dépollution, démontage, découpage de VHU
      <span
        class="tooltip__container"
      >
        <span
          class="tooltip__trigger"
          role="button"
        >
          <svg
            class="tooltip__icon"
            fill="currentColor"
            height="1em"
            role="icon"
            stroke="currentColor"
            stroke-width="0"
            viewBox="0 0 384 512"
            width="1em"
            xmlns="http://www.w3.org/2000/svg"
          >
            <path
              d="M202.021 0C122.202 0 70.503 32.703 29.914 91.026c-7.363 10.58-5.093 25.086 5.178 32.874l43.138 32.709c10.373 7.865 25.132 6.026 33.253-4.148 25.049-31.381 43.63-49.449 82.757-49.449 30.764 0 68.816 19.799 68.816 49.631 0 22.552-18.617 34.134-48.993 51.164-35.423 19.86-82.299 44.576-82.299 106.405V320c0 13.255 10.745 24 24 24h72.471c13.255 0 24-10.745 24-24v-5.773c0-42.86 125.268-44.645 125.268-160.627C377.504 66.256 286.902 0 202.021 0zM192 373.459c-38.196 0-69.271 31.075-69.271 69.271 0 38.195 31.075 69.27 69.271 69.27s69.271-31.075 69.271-69.271-31.075-69.27-69.271-69.27z"
            />
          </svg>
        </span>
      </span>
    </label>
  </div>
  <div>
    <label
      style="display: inline-block;"
    >
      <input
        class="td-checkbox"
        name="companyTypes"
        type="checkbox"
        value="WASTEPROCESSOR"
      />
      Installation de traitement
      <span
        class="tooltip__container"
      >
        <span
          class="tooltip__trigger"
          role="button"
        >
          <svg
            class="tooltip__icon"
            fill="currentColor"
            height="1em"
            role="icon"
            stroke="currentColor"
            stroke-width="0"
            viewBox="0 0 384 512"
            width="1em"
            xmlns="http://www.w3.org/2000/svg"
          >
            <path
              d="M202.021 0C122.202 0 70.503 32.703 29.914 91.026c-7.363 10.58-5.093 25.086 5.178 32.874l43.138 32.709c10.373 7.865 25.132 6.026 33.253-4.148 25.049-31.381 43.63-49.449 82.757-49.449 30.764 0 68.816 19.799 68.816 49.631 0 22.552-18.617 34.134-48.993 51.164-35.423 19.86-82.299 44.576-82.299 106.405V320c0 13.255 10.745 24 24 24h72.471c13.255 0 24-10.745 24-24v-5.773c0-42.86 125.268-44.645 125.268-160.627C377.504 66.256 286.902 0 202.021 0zM192 373.459c-38.196 0-69.271 31.075-69.271 69.271 0 38.195 31.075 69.27 69.271 69.27s69.271-31.075 69.271-69.271-31.075-69.27-69.271-69.27z"
            />
          </svg>
        </span>
      </span>
    </label>
  </div>
  <div>
    <label
      style="display: inline-block;"
    >
      <input
        class="td-checkbox"
        name="companyTypes"
        type="checkbox"
        value="TRANSPORTER"
      />
      Transporteur
      <span
        class="tooltip__container"
      >
        <span
          class="tooltip__trigger"
          role="button"
        >
          <svg
            class="tooltip__icon"
            fill="currentColor"
            height="1em"
            role="icon"
            stroke="currentColor"
            stroke-width="0"
            viewBox="0 0 384 512"
            width="1em"
            xmlns="http://www.w3.org/2000/svg"
          >
            <path
              d="M202.021 0C122.202 0 70.503 32.703 29.914 91.026c-7.363 10.58-5.093 25.086 5.178 32.874l43.138 32.709c10.373 7.865 25.132 6.026 33.253-4.148 25.049-31.381 43.63-49.449 82.757-49.449 30.764 0 68.816 19.799 68.816 49.631 0 22.552-18.617 34.134-48.993 51.164-35.423 19.86-82.299 44.576-82.299 106.405V320c0 13.255 10.745 24 24 24h72.471c13.255 0 24-10.745 24-24v-5.773c0-42.86 125.268-44.645 125.268-160.627C377.504 66.256 286.902 0 202.021 0zM192 373.459c-38.196 0-69.271 31.075-69.271 69.271 0 38.195 31.075 69.27 69.271 69.27s69.271-31.075 69.271-69.271-31.075-69.27-69.271-69.27z"
            />
          </svg>
        </span>
      </span>
    </label>
  </div>
  <div>
    <label
      style="display: inline-block;"
    >
      <input
        class="td-checkbox"
        name="companyTypes"
        type="checkbox"
        value="TRADER"
      />
      Négociant
      <span
        class="tooltip__container"
      >
        <span
          class="tooltip__trigger"
          role="button"
        >
          <svg
            class="tooltip__icon"
            fill="currentColor"
            height="1em"
            role="icon"
            stroke="currentColor"
            stroke-width="0"
            viewBox="0 0 384 512"
            width="1em"
            xmlns="http://www.w3.org/2000/svg"
          >
            <path
              d="M202.021 0C122.202 0 70.503 32.703 29.914 91.026c-7.363 10.58-5.093 25.086 5.178 32.874l43.138 32.709c10.373 7.865 25.132 6.026 33.253-4.148 25.049-31.381 43.63-49.449 82.757-49.449 30.764 0 68.816 19.799 68.816 49.631 0 22.552-18.617 34.134-48.993 51.164-35.423 19.86-82.299 44.576-82.299 106.405V320c0 13.255 10.745 24 24 24h72.471c13.255 0 24-10.745 24-24v-5.773c0-42.86 125.268-44.645 125.268-160.627C377.504 66.256 286.902 0 202.021 0zM192 373.459c-38.196 0-69.271 31.075-69.271 69.271 0 38.195 31.075 69.27 69.271 69.27s69.271-31.075 69.271-69.271-31.075-69.27-69.271-69.27z"
            />
          </svg>
        </span>
      </span>
    </label>
  </div>
</fieldset>
`;
